
> angular@0.0.0 start
> ng serve --host 0.0.0.0  --no-hmr --disable-host-check --port 3000

Warning: Running a server with --disable-host-check is a security risk. See https://medium.com/webpack/webpack-dev-server-middleware-security-issues-1489d950874a for more information.
The "disableHostCheck" option will not be used because it is not supported by the "@angular-devkit/build-angular:application" builder.
❯ Building...
✔ Building...
Browser bundles     
Initial chunk files  | Names                    |  Raw size
polyfills.js         | polyfills                |  90.20 kB | 
main.js              | main                     |   7.38 kB | 
chunk-YQOESBWP.js    | -                        | 754 bytes | 
styles.css           | styles                   | 497 bytes | 

                     | Initial total            |  98.83 kB

Lazy chunk files     | Names                    |  Raw size
chunk-GATJ4O5H.js    | sign-in-component        |   8.97 kB | 
chunk-6TNYD3M3.js    | ai-suggestions-component |   7.96 kB | 
chunk-4O5KDENI.js    | trip-planner-component   |   7.38 kB | 
chunk-BBV22QDN.js    | home-component           |   3.80 kB | 


Server bundles      
Initial chunk files  | Names                    |  Raw size
polyfills.server.mjs | polyfills.server         | 572.91 kB | 
chunk-YAV6MMRU.mjs   | -                        |   7.82 kB | 
server.mjs           | server                   |   1.42 kB | 
main.server.mjs      | main.server              | 831 bytes | 
chunk-FFILDKJJ.mjs   | -                        | 788 bytes | 

Lazy chunk files     | Names                    |  Raw size
chunk-4EIQR5NE.mjs   | sign-in-component        |   9.00 kB | 
chunk-Y7KUBWHS.mjs   | ai-suggestions-component |   8.00 kB | 
chunk-72N6SAQB.mjs   | trip-planner-component   |   7.42 kB | 
chunk-ABP2CVP2.mjs   | home-component           |   3.83 kB | 

Application bundle generation complete. [2.556 seconds]

Watch mode enabled. Watching for file changes...
NOTE: Raw file sizes do not reflect development server per-request transformations.
  ➜  Local:   http://localhost:3000/
  ➜  Network: http://172.17.0.2:3000/
❯ Changes detected. Rebuilding...
✔ Changes detected. Rebuilding...
Application bundle generation failed. [0.595 seconds]

✘ [ERROR] NG9: Property 'signedIn' does not exist on type 'SignInComponent'. [plugin angular-compiler]

    src/app/pages/sign-in/sign-in.component.html:3:26:
      3 │     <ng-container *ngIf="!signedIn; else signedInMsg">
        ╵                           ~~~~~~~~

  Error occurs in the template of component SignInComponent.

    src/app/pages/sign-in/sign-in.component.ts:9:15:
      9 │   templateUrl: './sign-in.component.html',
        ╵                ~~~~~~~~~~~~~~~~~~~~~~~~~~


❯ Changes detected. Rebuilding...
✔ Changes detected. Rebuilding...
Browser bundles     
Initial chunk files  | Names                    |  Raw size
polyfills.js         | polyfills                |  90.20 kB | 
main.js              | main                     |   7.38 kB | 
chunk-YQOESBWP.js    | -                        | 754 bytes | 
styles.css           | styles                   | 497 bytes | 

                     | Initial total            |  98.83 kB

Lazy chunk files     | Names                    |  Raw size
chunk-6TNYD3M3.js    | ai-suggestions-component |   7.96 kB | 
chunk-5OXG2NCX.js    | sign-in-component        |   7.71 kB | 
chunk-4O5KDENI.js    | trip-planner-component   |   7.38 kB | 
chunk-BBV22QDN.js    | home-component           |   3.80 kB | 


Server bundles      
Initial chunk files  | Names                    |  Raw size
polyfills.server.mjs | polyfills.server         | 572.91 kB | 
chunk-WNXWBGGP.mjs   | -                        |   7.82 kB | 
server.mjs           | server                   |   1.42 kB | 
main.server.mjs      | main.server              | 831 bytes | 
chunk-FFILDKJJ.mjs   | -                        | 788 bytes | 

Lazy chunk files     | Names                    |  Raw size
chunk-Y7KUBWHS.mjs   | ai-suggestions-component |   8.00 kB | 
chunk-2SYWHXNS.mjs   | sign-in-component        |   7.74 kB | 
chunk-72N6SAQB.mjs   | trip-planner-component   |   7.42 kB | 
chunk-ABP2CVP2.mjs   | home-component           |   3.83 kB | 

Application bundle generation complete. [0.242 seconds]

Page reload sent to client(s).
❯ Changes detected. Rebuilding...
✔ Changes detected. Rebuilding...
Browser bundles    
Initial chunk files | Names             |  Raw size
main.js             | main              |   7.38 kB | 

Lazy chunk files    | Names             |  Raw size
chunk-FWHXJFA6.js   | sign-in-component |   7.71 kB | 


Server bundles     
Initial chunk files | Names             |  Raw size
chunk-JBTYW42L.mjs  | -                 |   7.82 kB | 
server.mjs          | server            |   1.42 kB | 
main.server.mjs     | main.server       | 831 bytes | 

Lazy chunk files    | Names             |  Raw size
chunk-6MW3KP6I.mjs  | sign-in-component |   7.75 kB | 

Application bundle generation complete. [0.344 seconds]

Page reload sent to client(s).
❯ Changes detected. Rebuilding...
✔ Changes detected. Rebuilding...
Browser bundles    
Initial chunk files | Names             |  Raw size
main.js             | main              |   7.38 kB | 

Lazy chunk files    | Names             |  Raw size
chunk-5OXG2NCX.js   | sign-in-component |   7.71 kB | 


Server bundles     
Initial chunk files | Names             |  Raw size
chunk-WNXWBGGP.mjs  | -                 |   7.82 kB | 
server.mjs          | server            |   1.42 kB | 
main.server.mjs     | main.server       | 831 bytes | 

Lazy chunk files    | Names             |  Raw size
chunk-2SYWHXNS.mjs  | sign-in-component |   7.74 kB | 

Application bundle generation complete. [0.287 seconds]

Page reload sent to client(s).
❯ Changes detected. Rebuilding...
✔ Changes detected. Rebuilding...
Browser bundles    
Initial chunk files | Names             |  Raw size
main.js             | main              |   7.38 kB | 

Lazy chunk files    | Names             |  Raw size
chunk-Z76D5OU3.js   | sign-in-component |   7.75 kB | 


Server bundles     
Initial chunk files | Names             |  Raw size
chunk-GZI5NW63.mjs  | -                 |   7.82 kB | 
server.mjs          | server            |   1.42 kB | 
main.server.mjs     | main.server       | 831 bytes | 

Lazy chunk files    | Names             |  Raw size
chunk-D7XJ6PF6.mjs  | sign-in-component |   7.79 kB | 

Application bundle generation complete. [0.255 seconds]

Page reload sent to client(s).
